// Jest Snapshot v1, https://goo.gl/fbAQLP

exports[`実行履歴を表現しているコンポーネントの検証 実行履歴が描画されること SnapShotと同一であること 1`] = `null`;
